Analyzing profile_screen.dart...                                

warning - The declaration '_FluidDialogButton' isn't referenced - lib\features\profile\profile_screen.dart:887:7 - unused_element
  error - The method 'FluidContainer' isn't defined for the type '_FluidDialogButton' - lib\features\profile\profile_screen.dart:902:14 - undefined_method

